<html>
  <head><title>Memo from M. Goik</title></head>
  <body>
    <h2>Subject:Best wishes</h2>
    <dl>
      <dt>Sender:</dt>
      <dd>M. Goik</dd>
      <dt>Recipients:</dt>
      <dd>
        <ul>
          <li>B. King</li>
          <li>A. June</li>
        </ul>
      </dd>
    </dl>
    <h2>Subject: Best wishes</h2>
    <p>Hi all, congratulations to your splendid party</p>
    <p>End of message from <strong>M. Goik</strong></p>
  </body>
</html>
