<html>
  <head>
    <title>Memo message</title>
  </head>
  <body>
    <h2>Message from <strong>M. Goik</strong></h2>
    <h2>Recipients:</h2>
    <ul>
      <li>B. King</li>
      <li>A. June</li>
    </ul>
    <h2>Subject: Best wishes</h2>
    <p>Hi all, congratulations to your splendid party</p>
  </body>
</html>
